
Welcome to Gradle 8.7!

Here are the highlights of this release:
 - Compiling and testing with Java 22
 - Cacheable Groovy script compilation
 - New methods in lazy collection properties

For more details see https://docs.gradle.org/8.7/release-notes.html

Starting a Gradle Daemon (subsequent builds will be faster)
> Task :app:preBuild UP-TO-DATE
> Task :app:preDebugBuild UP-TO-DATE
> Task :app:mergeDebugNativeDebugMetadata NO-SOURCE
> Task :app:checkKotlinGradlePluginConfigurationErrors
> Task :app:generateDebugResValues
> Task :app:checkDebugAarMetadata
> Task :app:mapDebugSourceSetPaths
> Task :app:generateDebugResources
> Task :app:packageDebugResources
> Task :app:createDebugCompatibleScreenManifests
> Task :app:extractDeepLinksDebug
> Task :app:parseDebugLocalResources
> Task :app:mergeDebugResources
> Task :app:processDebugMainManifest
> Task :app:processDebugManifest
> Task :app:javaPreCompileDebug
> Task :app:mergeDebugShaders
> Task :app:compileDebugShaders NO-SOURCE
> Task :app:generateDebugAssets UP-TO-DATE
> Task :app:mergeDebugAssets
> Task :app:compressDebugAssets
> Task :app:desugarDebugFileDependencies
> Task :app:mergeDebugStartupProfile
> Task :app:processDebugManifestForPackage
> Task :app:checkDebugDuplicateClasses
> Task :app:mergeDebugJniLibFolders
> Task :app:mergeLibDexDebug
> Task :app:mergeDebugNativeLibs NO-SOURCE
> Task :app:stripDebugDebugSymbols NO-SOURCE
> Task :app:processDebugResources
> Task :app:validateSigningDebug
> Task :app:writeDebugAppMetadata
> Task :app:writeDebugSigningConfigVersions
> Task :app:mergeExtDexDebug

> Task :app:kspDebugKotlin
w: Class androidx.media3.common.util.UnstableApi is not an opt-in requirement marker

> Task :app:compileDebugKotlin
w: Class androidx.media3.common.util.UnstableApi is not an opt-in requirement marker
w: file:///home/runner/work/musicapp/musicapp/app/src/main/java/com/ammu/player/audio/AmmuMediaService.kt:73:60 'WIFI_MODE_FULL_HIGH_PERF: Int' is deprecated. Deprecated in Java
w: file:///home/runner/work/musicapp/musicapp/app/src/main/java/com/ammu/player/ui/components/MiniPlayerBar.kt:113:13 'LinearProgressIndicator(Float, Modifier = ..., Color = ..., Color = ..., StrokeCap = ...): Unit' is deprecated. Use the overload that takes `progress` as a lambda
w: file:///home/runner/work/musicapp/musicapp/app/src/main/java/com/ammu/player/ui/dialogs/BackupExportImportDialog.kt:88:1 Annotation 'androidx.media3.common.util.UnstableApi' is not an opt-in requirement marker, therefore its usage in @OptIn is ignored
w: file:///home/runner/work/musicapp/musicapp/app/src/main/java/com/ammu/player/ui/dialogs/BackupExportImportDialog.kt:96:9 Variable 'coroutineScope' is never used
w: file:///home/runner/work/musicapp/musicapp/app/src/main/java/com/ammu/player/ui/dialogs/BackupExportImportDialog.kt:146:40 'Indicator(Modifier = ..., Dp = ..., Color = ...): Unit' is deprecated. Use SecondaryIndicator instead.
w: file:///home/runner/work/musicapp/musicapp/app/src/main/java/com/ammu/player/ui/dialogs/BackupExportImportDialog.kt:176:1 Annotation 'androidx.media3.common.util.UnstableApi' is not an opt-in requirement marker, therefore its usage in @OptIn is ignored
w: file:///home/runner/work/musicapp/musicapp/app/src/main/java/com/ammu/player/ui/dialogs/BackupExportImportDialog.kt:434:1 Annotation 'androidx.media3.common.util.UnstableApi' is not an opt-in requirement marker, therefore its usage in @OptIn is ignored
w: file:///home/runner/work/musicapp/musicapp/app/src/main/java/com/ammu/player/ui/dialogs/StorageAuditorDialog.kt:62:1 Annotation 'androidx.media3.common.util.UnstableApi' is not an opt-in requirement marker, therefore its usage in @OptIn is ignored
w: file:///home/runner/work/musicapp/musicapp/app/src/main/java/com/ammu/player/ui/screens/AmmuMainScreen.kt:107:1 Annotation 'androidx.media3.common.util.UnstableApi' is not an opt-in requirement marker, therefore its usage in @OptIn is ignored
w: file:///home/runner/work/musicapp/musicapp/app/src/main/java/com/ammu/player/ui/screens/AmmuMainScreen.kt:137:9 Variable 'playlistToAddTo' is never used
w: file:///home/runner/work/musicapp/musicapp/app/src/main/java/com/ammu/player/ui/screens/AmmuMainScreen.kt:409:52 'PlaylistAdd: ImageVector' is deprecated. Use the AutoMirrored version at Icons.AutoMirrored.Filled.PlaylistAdd
w: file:///home/runner/work/musicapp/musicapp/app/src/main/java/com/ammu/player/ui/screens/AmmuMainScreen.kt:595:5 Parameter 'isPlaying' is never used
w: file:///home/runner/work/musicapp/musicapp/app/src/main/java/com/ammu/player/ui/screens/FullscreenPlayerSheet.kt:120:1 Annotation 'androidx.media3.common.util.UnstableApi' is not an opt-in requirement marker, therefore its usage in @OptIn is ignored
w: file:///home/runner/work/musicapp/musicapp/app/src/main/java/com/ammu/player/ui/screens/FullscreenPlayerSheet.kt:406:44 'VolumeUp: ImageVector' is deprecated. Use the AutoMirrored version at Icons.AutoMirrored.Filled.VolumeUp
w: file:///home/runner/work/musicapp/musicapp/app/src/main/java/com/ammu/player/ui/screens/FullscreenPlayerSheet.kt:430:44 'Notes: ImageVector' is deprecated. Use the AutoMirrored version at Icons.AutoMirrored.Filled.Notes
w: file:///home/runner/work/musicapp/musicapp/app/src/main/java/com/ammu/player/ui/screens/FullscreenPlayerSheet.kt:436:44 'QueueMusic: ImageVector' is deprecated. Use the AutoMirrored version at Icons.AutoMirrored.Filled.QueueMusic
w: file:///home/runner/work/musicapp/musicapp/app/src/main/java/com/ammu/player/ui/viewmodel/AmmuViewModel.kt:56:62 Parameter 'autoGainFactor' is never used, could be renamed to _

> Task :app:compileDebugJavaWithJavac
> Task :app:dexBuilderDebug
> Task :app:mergeDebugGlobalSynthetics
> Task :app:processDebugJavaRes
> Task :app:mergeProjectDexDebug
> Task :app:mergeDebugJavaResource
> Task :app:packageDebug
> Task :app:createDebugApkListingFileRedirect
> Task :app:assembleDebug

BUILD SUCCESSFUL in 1m 23s
37 actionable tasks: 37 executed
